// Jest Snapshot v1, https://goo.gl/fbAQLP

exports[`<Controls /> matches snapshot 1`] = `[Function]`;
